// Jest Snapshot v1, https://goo.gl/fbAQLP

exports[`amplify-s3-image spec: Render logic -> should render no img element without 'imgKey' or 'path' 1`] = `
<amplify-s3-image-picker>
  <!---->
  <slot-fb name="photo-picker">
    <amplify-photo-picker buttontext="Upload" headerhint="Ancilliary text or content may occupy this space here" headertitle="Add Profile Photos" placeholderhint="Placeholder hint"></amplify-photo-picker>
  </slot-fb>
</amplify-s3-image-picker>
`;
